<p>A paragraph.</p>

<p>Another paragraph.</p>

<p>This is<br />
one single paragraph with a &lt;br /&gt; break.</p>

<p><code>$x</code> and <code>$y</code> are variables.</p>

<p><strong>strong text</strong></p>

<p><em>italic text</em></p>

<p><u>underlined</u></p>

<p><s>strike-through</s></p>

<p><s>strike-through alias</s></p>

<p><u><s>underline &amp; strike-through</s></u></p>

<p><strong>strong <em>italic</em> text</strong></p>

<p><em>emphasized <strong>strong</strong> text</em></p>

<p>[b]Foo &amp; Bar[/b]</p>
