<pre><code class="language-none">1 &gt; 2</code></pre>

<pre><code class="language-php">function f($x) {
    return $x * $x;
}</code></pre>

<pre><code class="language-php">function f($x) {
    return $x * $x;
}</code></pre>

<pre><code class="language-php">function f($x) {
    return $x * $x;
}</code></pre>

<pre><code class="language-php">function f($x) {
    return $x * $x;
}</code></pre>