<p><a href="https://www.example.org/" title="Open &quot;https://www.example.org/&quot;">Link</a></p>

<p><a href="https://www.example.org/" title="Open &quot;https://www.example.org/&quot;">Link</a></p>

<p><a href="https://www.example.org/" title="Open &quot;https://www.example.org/&quot;">Link</a></p>

<p><a href="https://www.example.org/" title="Foo">Link</a></p>

<p><a href="https://www.example.org/?x&amp;y" title="Foo&gt;bar">Link</a></p>

<p><a href="https://www.example.org/" title="Open &quot;https://www.example.org/&quot;">Link</a></p>

<p><a href="https://www.example.org/" title="Open &quot;https://www.example.org/&quot;">Link</a></p>

<p><a href="https://www.example.org/" title="Open &quot;https://www.example.org/&quot;">Link</a></p>

<p><a href="https://www.example.org/" title="Foo">Link</a></p>

<p><a href="https://www.example.org/?x&amp;y" title="Foo&gt;bar">Link</a></p>
