<p><a href="http://www.ermshaus.org/" title="Open &quot;http://www.ermshaus.org/&quot;">Link</a></p>

<p><a href="http://www.ermshaus.org/" title="Open &quot;http://www.ermshaus.org/&quot;">Link</a></p>

<p><a href="http://www.ermshaus.org/" title="Open &quot;http://www.ermshaus.org/&quot;">Link</a></p>

<p><a href="http://www.ermshaus.org/" title="Foo">Link</a></p>

<p><a href="http://www.ermshaus.org/" title="Foo&gt;bar">Link</a></p>