<div class="videoWrapper">
  <iframe width="560" height="349" src="http://www.youtube.com/embed/dQw4w9WgXcQ" frameborder="0"></iframe>
</div>

<div class="videoWrapper">
  <iframe width="560" height="349" src="http://www.youtube.com/embed/dQw4w9WgXcQ" frameborder="0"></iframe>
</div>

<div class="videoWrapper">
  <iframe width="560" height="349" src="http://www.youtube.com/embed/dQw4w9WgXcQ" frameborder="0"></iframe>
</div>